// Jest Snapshot v1, https://goo.gl/fbAQLP

exports[`<FlexItemContainer /> renders with its style 1`] = `
.c1 {
  width: 100%;
  display: -webkit-box;
  display: -webkit-flex;
  display: -ms-flexbox;
  display: flex;
  -webkit-flex-direction: row;
  -ms-flex-direction: row;
  flex-direction: row;
  -webkit-flex-wrap: nowrap;
  -ms-flex-wrap: nowrap;
  flex-wrap: nowrap;
}

.c0 {
  -webkit-flex: 1;
  -ms-flex: 1;
  flex: 1;
}

<div
  className="c0 c1"
/>
`;
